// Jest Snapshot v1, https://goo.gl/fbAQLP

exports[`matches <BlockSummary block={...}> snapshot 1`] = `
<BlockSummary
  block={
    Object {
      "gasLimit": 1200,
      "gasUsed": 1000,
      "hash": "0xf",
      "miner": "0xff",
      "number": 2,
      "timestamp": 1552823995,
    }
  }
>
  <Styled(styled.div)>
    <StyledComponent
      forwardedComponent={
        Object {
          "$$typeof": Symbol(react.forward_ref),
          "attrs": Array [],
          "componentStyle": ComponentStyle {
            "componentId": "sc-fjdhpX",
            "isStatic": true,
            "lastClassName": "eXyvVf",
            "rules": Array [
              "
          width: 100%;
          border: 1px solid #f0f0f0;
        ",
              "
          overflow-y: auto;
          max-height: 140px;
        ",
            ],
          },
          "displayName": "Styled(styled.div)",
          "foldedComponentIds": Array [
            "sc-VigVT",
          ],
          "render": [Function],
          "styledComponentId": "sc-fjdhpX",
          "target": "div",
          "toString": [Function],
          "warnTooManyClasses": [Function],
          "withComponent": [Function],
        }
      }
      forwardedRef={null}
    >
      <div
        className="sc-VigVT sc-fjdhpX eXyvVf"
      >
        <styled.div>
          <StyledComponent
            forwardedComponent={
              Object {
                "$$typeof": Symbol(react.forward_ref),
                "attrs": Array [],
                "componentStyle": ComponentStyle {
                  "componentId": "sc-cSHVUG",
                  "isStatic": true,
                  "lastClassName": "fMLWXv",
                  "rules": Array [
                    "
                width: 100%;
                border-bottom: 1px solid #f0f0f0;
                &:last-child {
                  border: 0;
                }
              ",
                  ],
                },
                "displayName": "styled.div",
                "foldedComponentIds": Array [],
                "render": [Function],
                "styledComponentId": "sc-cSHVUG",
                "target": "div",
                "toString": [Function],
                "warnTooManyClasses": [Function],
                "withComponent": [Function],
              }
            }
            forwardedRef={null}
          >
            <div
              className="sc-cSHVUG fMLWXv"
            >
              <Styled(styled.div)>
                <StyledComponent
                  forwardedComponent={
                    Object {
                      "$$typeof": Symbol(react.forward_ref),
                      "attrs": Array [],
                      "componentStyle": ComponentStyle {
                        "componentId": "sc-htoDjs",
                        "isStatic": true,
                        "lastClassName": "eKbxVS",
                        "rules": Array [
                          "
                      padding: 0.8rem;
                      display: inline-block;
                      box-sizing: border-box;
                    ",
                          "
                      width: 20%;
                    ",
                        ],
                      },
                      "displayName": "Styled(styled.div)",
                      "foldedComponentIds": Array [
                        "sc-gzVnrw",
                      ],
                      "render": [Function],
                      "styledComponentId": "sc-htoDjs",
                      "target": "div",
                      "toString": [Function],
                      "warnTooManyClasses": [Function],
                      "withComponent": [Function],
                    }
                  }
                  forwardedRef={null}
                >
                  <div
                    className="sc-gzVnrw sc-htoDjs eKbxVS"
                  >
                    Number/Height
                  </div>
                </StyledComponent>
              </Styled(styled.div)>
              <Styled(styled.div)>
                <StyledComponent
                  forwardedComponent={
                    Object {
                      "$$typeof": Symbol(react.forward_ref),
                      "attrs": Array [],
                      "componentStyle": ComponentStyle {
                        "componentId": "sc-iwsKbI",
                        "isStatic": true,
                        "lastClassName": "iWBUcV",
                        "rules": Array [
                          "
                      padding: 0.8rem;
                      display: inline-block;
                      box-sizing: border-box;
                    ",
                          "
                      width: 80%;
                    ",
                        ],
                      },
                      "displayName": "Styled(styled.div)",
                      "foldedComponentIds": Array [
                        "sc-gzVnrw",
                      ],
                      "render": [Function],
                      "styledComponentId": "sc-iwsKbI",
                      "target": "div",
                      "toString": [Function],
                      "warnTooManyClasses": [Function],
                      "withComponent": [Function],
                    }
                  }
                  forwardedRef={null}
                >
                  <div
                    className="sc-gzVnrw sc-iwsKbI iWBUcV"
                  >
                    2
                  </div>
                </StyledComponent>
              </Styled(styled.div)>
            </div>
          </StyledComponent>
        </styled.div>
        <styled.div>
          <StyledComponent
            forwardedComponent={
              Object {
                "$$typeof": Symbol(react.forward_ref),
                "attrs": Array [],
                "componentStyle": ComponentStyle {
                  "componentId": "sc-cSHVUG",
                  "isStatic": true,
                  "lastClassName": "fMLWXv",
                  "rules": Array [
                    "
                width: 100%;
                border-bottom: 1px solid #f0f0f0;
                &:last-child {
                  border: 0;
                }
              ",
                  ],
                },
                "displayName": "styled.div",
                "foldedComponentIds": Array [],
                "render": [Function],
                "styledComponentId": "sc-cSHVUG",
                "target": "div",
                "toString": [Function],
                "warnTooManyClasses": [Function],
                "withComponent": [Function],
              }
            }
            forwardedRef={null}
          >
            <div
              className="sc-cSHVUG fMLWXv"
            >
              <Styled(styled.div)>
                <StyledComponent
                  forwardedComponent={
                    Object {
                      "$$typeof": Symbol(react.forward_ref),
                      "attrs": Array [],
                      "componentStyle": ComponentStyle {
                        "componentId": "sc-htoDjs",
                        "isStatic": true,
                        "lastClassName": "eKbxVS",
                        "rules": Array [
                          "
                      padding: 0.8rem;
                      display: inline-block;
                      box-sizing: border-box;
                    ",
                          "
                      width: 20%;
                    ",
                        ],
                      },
                      "displayName": "Styled(styled.div)",
                      "foldedComponentIds": Array [
                        "sc-gzVnrw",
                      ],
                      "render": [Function],
                      "styledComponentId": "sc-htoDjs",
                      "target": "div",
                      "toString": [Function],
                      "warnTooManyClasses": [Function],
                      "withComponent": [Function],
                    }
                  }
                  forwardedRef={null}
                >
                  <div
                    className="sc-gzVnrw sc-htoDjs eKbxVS"
                  >
                    Hash
                  </div>
                </StyledComponent>
              </Styled(styled.div)>
              <Styled(styled.div)>
                <StyledComponent
                  forwardedComponent={
                    Object {
                      "$$typeof": Symbol(react.forward_ref),
                      "attrs": Array [],
                      "componentStyle": ComponentStyle {
                        "componentId": "sc-iwsKbI",
                        "isStatic": true,
                        "lastClassName": "iWBUcV",
                        "rules": Array [
                          "
                      padding: 0.8rem;
                      display: inline-block;
                      box-sizing: border-box;
                    ",
                          "
                      width: 80%;
                    ",
                        ],
                      },
                      "displayName": "Styled(styled.div)",
                      "foldedComponentIds": Array [
                        "sc-gzVnrw",
                      ],
                      "render": [Function],
                      "styledComponentId": "sc-iwsKbI",
                      "target": "div",
                      "toString": [Function],
                      "warnTooManyClasses": [Function],
                      "withComponent": [Function],
                    }
                  }
                  forwardedRef={null}
                >
                  <div
                    className="sc-gzVnrw sc-iwsKbI iWBUcV"
                  >
                    0xf
                  </div>
                </StyledComponent>
              </Styled(styled.div)>
            </div>
          </StyledComponent>
        </styled.div>
        <styled.div>
          <StyledComponent
            forwardedComponent={
              Object {
                "$$typeof": Symbol(react.forward_ref),
                "attrs": Array [],
                "componentStyle": ComponentStyle {
                  "componentId": "sc-cSHVUG",
                  "isStatic": true,
                  "lastClassName": "fMLWXv",
                  "rules": Array [
                    "
                width: 100%;
                border-bottom: 1px solid #f0f0f0;
                &:last-child {
                  border: 0;
                }
              ",
                  ],
                },
                "displayName": "styled.div",
                "foldedComponentIds": Array [],
                "render": [Function],
                "styledComponentId": "sc-cSHVUG",
                "target": "div",
                "toString": [Function],
                "warnTooManyClasses": [Function],
                "withComponent": [Function],
              }
            }
            forwardedRef={null}
          >
            <div
              className="sc-cSHVUG fMLWXv"
            >
              <Styled(styled.div)>
                <StyledComponent
                  forwardedComponent={
                    Object {
                      "$$typeof": Symbol(react.forward_ref),
                      "attrs": Array [],
                      "componentStyle": ComponentStyle {
                        "componentId": "sc-htoDjs",
                        "isStatic": true,
                        "lastClassName": "eKbxVS",
                        "rules": Array [
                          "
                      padding: 0.8rem;
                      display: inline-block;
                      box-sizing: border-box;
                    ",
                          "
                      width: 20%;
                    ",
                        ],
                      },
                      "displayName": "Styled(styled.div)",
                      "foldedComponentIds": Array [
                        "sc-gzVnrw",
                      ],
                      "render": [Function],
                      "styledComponentId": "sc-htoDjs",
                      "target": "div",
                      "toString": [Function],
                      "warnTooManyClasses": [Function],
                      "withComponent": [Function],
                    }
                  }
                  forwardedRef={null}
                >
                  <div
                    className="sc-gzVnrw sc-htoDjs eKbxVS"
                  >
                    Timestamp
                  </div>
                </StyledComponent>
              </Styled(styled.div)>
              <Styled(styled.div)>
                <StyledComponent
                  forwardedComponent={
                    Object {
                      "$$typeof": Symbol(react.forward_ref),
                      "attrs": Array [],
                      "componentStyle": ComponentStyle {
                        "componentId": "sc-iwsKbI",
                        "isStatic": true,
                        "lastClassName": "iWBUcV",
                        "rules": Array [
                          "
                      padding: 0.8rem;
                      display: inline-block;
                      box-sizing: border-box;
                    ",
                          "
                      width: 80%;
                    ",
                        ],
                      },
                      "displayName": "Styled(styled.div)",
                      "foldedComponentIds": Array [
                        "sc-gzVnrw",
                      ],
                      "render": [Function],
                      "styledComponentId": "sc-iwsKbI",
                      "target": "div",
                      "toString": [Function],
                      "warnTooManyClasses": [Function],
                      "withComponent": [Function],
                    }
                  }
                  forwardedRef={null}
                >
                  <div
                    className="sc-gzVnrw sc-iwsKbI iWBUcV"
                  >
                    Mar 17, 2019 17:29:55
                  </div>
                </StyledComponent>
              </Styled(styled.div)>
            </div>
          </StyledComponent>
        </styled.div>
        <styled.div>
          <StyledComponent
            forwardedComponent={
              Object {
                "$$typeof": Symbol(react.forward_ref),
                "attrs": Array [],
                "componentStyle": ComponentStyle {
                  "componentId": "sc-cSHVUG",
                  "isStatic": true,
                  "lastClassName": "fMLWXv",
                  "rules": Array [
                    "
                width: 100%;
                border-bottom: 1px solid #f0f0f0;
                &:last-child {
                  border: 0;
                }
              ",
                  ],
                },
                "displayName": "styled.div",
                "foldedComponentIds": Array [],
                "render": [Function],
                "styledComponentId": "sc-cSHVUG",
                "target": "div",
                "toString": [Function],
                "warnTooManyClasses": [Function],
                "withComponent": [Function],
              }
            }
            forwardedRef={null}
          >
            <div
              className="sc-cSHVUG fMLWXv"
            >
              <Styled(styled.div)>
                <StyledComponent
                  forwardedComponent={
                    Object {
                      "$$typeof": Symbol(react.forward_ref),
                      "attrs": Array [],
                      "componentStyle": ComponentStyle {
                        "componentId": "sc-htoDjs",
                        "isStatic": true,
                        "lastClassName": "eKbxVS",
                        "rules": Array [
                          "
                      padding: 0.8rem;
                      display: inline-block;
                      box-sizing: border-box;
                    ",
                          "
                      width: 20%;
                    ",
                        ],
                      },
                      "displayName": "Styled(styled.div)",
                      "foldedComponentIds": Array [
                        "sc-gzVnrw",
                      ],
                      "render": [Function],
                      "styledComponentId": "sc-htoDjs",
                      "target": "div",
                      "toString": [Function],
                      "warnTooManyClasses": [Function],
                      "withComponent": [Function],
                    }
                  }
                  forwardedRef={null}
                >
                  <div
                    className="sc-gzVnrw sc-htoDjs eKbxVS"
                  >
                    Mined By
                  </div>
                </StyledComponent>
              </Styled(styled.div)>
              <Styled(styled.div)>
                <StyledComponent
                  forwardedComponent={
                    Object {
                      "$$typeof": Symbol(react.forward_ref),
                      "attrs": Array [],
                      "componentStyle": ComponentStyle {
                        "componentId": "sc-iwsKbI",
                        "isStatic": true,
                        "lastClassName": "iWBUcV",
                        "rules": Array [
                          "
                      padding: 0.8rem;
                      display: inline-block;
                      box-sizing: border-box;
                    ",
                          "
                      width: 80%;
                    ",
                        ],
                      },
                      "displayName": "Styled(styled.div)",
                      "foldedComponentIds": Array [
                        "sc-gzVnrw",
                      ],
                      "render": [Function],
                      "styledComponentId": "sc-iwsKbI",
                      "target": "div",
                      "toString": [Function],
                      "warnTooManyClasses": [Function],
                      "withComponent": [Function],
                    }
                  }
                  forwardedRef={null}
                >
                  <div
                    className="sc-gzVnrw sc-iwsKbI iWBUcV"
                  >
                    0xff
                  </div>
                </StyledComponent>
              </Styled(styled.div)>
            </div>
          </StyledComponent>
        </styled.div>
        <styled.div>
          <StyledComponent
            forwardedComponent={
              Object {
                "$$typeof": Symbol(react.forward_ref),
                "attrs": Array [],
                "componentStyle": ComponentStyle {
                  "componentId": "sc-cSHVUG",
                  "isStatic": true,
                  "lastClassName": "fMLWXv",
                  "rules": Array [
                    "
                width: 100%;
                border-bottom: 1px solid #f0f0f0;
                &:last-child {
                  border: 0;
                }
              ",
                  ],
                },
                "displayName": "styled.div",
                "foldedComponentIds": Array [],
                "render": [Function],
                "styledComponentId": "sc-cSHVUG",
                "target": "div",
                "toString": [Function],
                "warnTooManyClasses": [Function],
                "withComponent": [Function],
              }
            }
            forwardedRef={null}
          >
            <div
              className="sc-cSHVUG fMLWXv"
            >
              <Styled(styled.div)>
                <StyledComponent
                  forwardedComponent={
                    Object {
                      "$$typeof": Symbol(react.forward_ref),
                      "attrs": Array [],
                      "componentStyle": ComponentStyle {
                        "componentId": "sc-htoDjs",
                        "isStatic": true,
                        "lastClassName": "eKbxVS",
                        "rules": Array [
                          "
                      padding: 0.8rem;
                      display: inline-block;
                      box-sizing: border-box;
                    ",
                          "
                      width: 20%;
                    ",
                        ],
                      },
                      "displayName": "Styled(styled.div)",
                      "foldedComponentIds": Array [
                        "sc-gzVnrw",
                      ],
                      "render": [Function],
                      "styledComponentId": "sc-htoDjs",
                      "target": "div",
                      "toString": [Function],
                      "warnTooManyClasses": [Function],
                      "withComponent": [Function],
                    }
                  }
                  forwardedRef={null}
                >
                  <div
                    className="sc-gzVnrw sc-htoDjs eKbxVS"
                  >
                    Gas Used
                  </div>
                </StyledComponent>
              </Styled(styled.div)>
              <Styled(styled.div)>
                <StyledComponent
                  forwardedComponent={
                    Object {
                      "$$typeof": Symbol(react.forward_ref),
                      "attrs": Array [],
                      "componentStyle": ComponentStyle {
                        "componentId": "sc-iwsKbI",
                        "isStatic": true,
                        "lastClassName": "iWBUcV",
                        "rules": Array [
                          "
                      padding: 0.8rem;
                      display: inline-block;
                      box-sizing: border-box;
                    ",
                          "
                      width: 80%;
                    ",
                        ],
                      },
                      "displayName": "Styled(styled.div)",
                      "foldedComponentIds": Array [
                        "sc-gzVnrw",
                      ],
                      "render": [Function],
                      "styledComponentId": "sc-iwsKbI",
                      "target": "div",
                      "toString": [Function],
                      "warnTooManyClasses": [Function],
                      "withComponent": [Function],
                    }
                  }
                  forwardedRef={null}
                >
                  <div
                    className="sc-gzVnrw sc-iwsKbI iWBUcV"
                  >
                    1000
                  </div>
                </StyledComponent>
              </Styled(styled.div)>
            </div>
          </StyledComponent>
        </styled.div>
        <styled.div>
          <StyledComponent
            forwardedComponent={
              Object {
                "$$typeof": Symbol(react.forward_ref),
                "attrs": Array [],
                "componentStyle": ComponentStyle {
                  "componentId": "sc-cSHVUG",
                  "isStatic": true,
                  "lastClassName": "fMLWXv",
                  "rules": Array [
                    "
                width: 100%;
                border-bottom: 1px solid #f0f0f0;
                &:last-child {
                  border: 0;
                }
              ",
                  ],
                },
                "displayName": "styled.div",
                "foldedComponentIds": Array [],
                "render": [Function],
                "styledComponentId": "sc-cSHVUG",
                "target": "div",
                "toString": [Function],
                "warnTooManyClasses": [Function],
                "withComponent": [Function],
              }
            }
            forwardedRef={null}
          >
            <div
              className="sc-cSHVUG fMLWXv"
            >
              <Styled(styled.div)>
                <StyledComponent
                  forwardedComponent={
                    Object {
                      "$$typeof": Symbol(react.forward_ref),
                      "attrs": Array [],
                      "componentStyle": ComponentStyle {
                        "componentId": "sc-htoDjs",
                        "isStatic": true,
                        "lastClassName": "eKbxVS",
                        "rules": Array [
                          "
                      padding: 0.8rem;
                      display: inline-block;
                      box-sizing: border-box;
                    ",
                          "
                      width: 20%;
                    ",
                        ],
                      },
                      "displayName": "Styled(styled.div)",
                      "foldedComponentIds": Array [
                        "sc-gzVnrw",
                      ],
                      "render": [Function],
                      "styledComponentId": "sc-htoDjs",
                      "target": "div",
                      "toString": [Function],
                      "warnTooManyClasses": [Function],
                      "withComponent": [Function],
                    }
                  }
                  forwardedRef={null}
                >
                  <div
                    className="sc-gzVnrw sc-htoDjs eKbxVS"
                  >
                    Gas Limit
                  </div>
                </StyledComponent>
              </Styled(styled.div)>
              <Styled(styled.div)>
                <StyledComponent
                  forwardedComponent={
                    Object {
                      "$$typeof": Symbol(react.forward_ref),
                      "attrs": Array [],
                      "componentStyle": ComponentStyle {
                        "componentId": "sc-iwsKbI",
                        "isStatic": true,
                        "lastClassName": "iWBUcV",
                        "rules": Array [
                          "
                      padding: 0.8rem;
                      display: inline-block;
                      box-sizing: border-box;
                    ",
                          "
                      width: 80%;
                    ",
                        ],
                      },
                      "displayName": "Styled(styled.div)",
                      "foldedComponentIds": Array [
                        "sc-gzVnrw",
                      ],
                      "render": [Function],
                      "styledComponentId": "sc-iwsKbI",
                      "target": "div",
                      "toString": [Function],
                      "warnTooManyClasses": [Function],
                      "withComponent": [Function],
                    }
                  }
                  forwardedRef={null}
                >
                  <div
                    className="sc-gzVnrw sc-iwsKbI iWBUcV"
                  >
                    1200
                  </div>
                </StyledComponent>
              </Styled(styled.div)>
            </div>
          </StyledComponent>
        </styled.div>
      </div>
    </StyledComponent>
  </Styled(styled.div)>
</BlockSummary>
`;
