// Jest Snapshot v1, https://goo.gl/fbAQLP

exports[`matches <MyWallet wallet={isConnected: false}> snapshot 1`] = `
<MyWallet
  wallet={
    Object {
      "isConnected": false,
    }
  }
/>
`;

exports[`matches <MyWallet wallet={isConnected: true}> snapshot 1`] = `
<MyWallet
  wallet={
    Object {
      "address": "1234567890abcdef",
      "connect": [Function],
      "disconnect": [Function],
      "isConnected": true,
      "isConnecting": false,
      "networkId": 1,
    }
  }
>
  <Styled(styled.div)>
    <StyledComponent
      forwardedComponent={
        Object {
          "$$typeof": Symbol(react.forward_ref),
          "attrs": Array [],
          "componentStyle": ComponentStyle {
            "componentId": "sc-htpNat",
            "isStatic": true,
            "lastClassName": "dQTXtH",
            "rules": Array [
              "
          display: flex;
          flex-direction: column;
          box-sizing: border-box;
          overflow: auto;
        ",
              "
          border: 1px solid #f0f0f0;
          box-sizing: border-box;
          overflow: hidden;
          height: 100%;
        ",
            ],
          },
          "displayName": "Styled(styled.div)",
          "foldedComponentIds": Array [
            "sc-bwzfXH",
          ],
          "render": [Function],
          "styledComponentId": "sc-htpNat",
          "target": "div",
          "toString": [Function],
          "warnTooManyClasses": [Function],
          "withComponent": [Function],
        }
      }
      forwardedRef={null}
    >
      <div
        className="sc-bwzfXH sc-htpNat dQTXtH"
      >
        <styled.div>
          <StyledComponent
            forwardedComponent={
              Object {
                "$$typeof": Symbol(react.forward_ref),
                "attrs": Array [],
                "componentStyle": ComponentStyle {
                  "componentId": "sc-bxivhb",
                  "isStatic": true,
                  "lastClassName": "kRASmB",
                  "rules": Array [
                    "
                font-size: 1.2rem;
                font-weight: 100;
                padding: 0.8rem 1rem;
                border-bottom: 1px solid #f0f0f0;
                text-transform: uppercase;
                flex: auto 0 0;
                display: flex;
              ",
                  ],
                },
                "displayName": "styled.div",
                "foldedComponentIds": Array [],
                "render": [Function],
                "styledComponentId": "sc-bxivhb",
                "target": "div",
                "toString": [Function],
                "warnTooManyClasses": [Function],
                "withComponent": [Function],
              }
            }
            forwardedRef={null}
          >
            <div
              className="sc-bxivhb kRASmB"
            >
              My Wallet
            </div>
          </StyledComponent>
        </styled.div>
        <styled.div
          padded={true}
        >
          <StyledComponent
            forwardedComponent={
              Object {
                "$$typeof": Symbol(react.forward_ref),
                "attrs": Array [],
                "componentStyle": ComponentStyle {
                  "componentId": "sc-bZQynM",
                  "isStatic": false,
                  "lastClassName": "ezknic",
                  "rules": Array [
                    "
                flex: ",
                    [Function],
                    ";
                overflow: ",
                    [Function],
                    ";
                padding: ",
                    [Function],
                    ";
              ",
                  ],
                },
                "displayName": "styled.div",
                "foldedComponentIds": Array [],
                "render": [Function],
                "styledComponentId": "sc-bZQynM",
                "target": "div",
                "toString": [Function],
                "warnTooManyClasses": [Function],
                "withComponent": [Function],
              }
            }
            forwardedRef={null}
            padded={true}
          >
            <div
              className="sc-bZQynM ezknic"
            >
              <Styled(styled.div)>
                <StyledComponent
                  forwardedComponent={
                    Object {
                      "$$typeof": Symbol(react.forward_ref),
                      "attrs": Array [],
                      "componentStyle": ComponentStyle {
                        "componentId": "sc-kgoBCf",
                        "isStatic": true,
                        "lastClassName": "bFDsDt",
                        "rules": Array [
                          "
                      padding: 1rem;
                      background: white;
                      margin: 1rem 0;
                      border: 1px solid rgba(0, 0, 0, 0.05);
                      border-left: 5px solid red;
                      p {
                        margin: 0;
                        font-weight: 100;
                      }
                      strong {
                        margin-right: 1rem;
                      }
                    ",
                          "
                      border-left: 5px solid rgb(0, 122, 255);
                    ",
                        ],
                      },
                      "displayName": "Styled(styled.div)",
                      "foldedComponentIds": Array [
                        "sc-chPdSV",
                      ],
                      "render": [Function],
                      "styledComponentId": "sc-kgoBCf",
                      "target": "div",
                      "toString": [Function],
                      "warnTooManyClasses": [Function],
                      "withComponent": [Function],
                    }
                  }
                  forwardedRef={null}
                >
                  <div
                    className="sc-chPdSV sc-kgoBCf bFDsDt"
                  >
                    <p>
                      You are connected to 
                      <Styled(styled.button)
                        disabled={true}
                      >
                        <StyledComponent
                          disabled={true}
                          forwardedComponent={
                            Object {
                              "$$typeof": Symbol(react.forward_ref),
                              "attrs": Array [],
                              "componentStyle": ComponentStyle {
                                "componentId": "sc-cSHVUG",
                                "isStatic": false,
                                "lastClassName": "CZCVM",
                                "rules": Array [
                                  "
                              background-color: rgba(0, 122, 255, 1);
                              color: #fff;
                              border: 0;
                              padding: ",
                                  [Function],
                                  ";
                              font-size: ",
                                  [Function],
                                  ";
                              cursor: pointer;
                            
                              &:hover {
                                background-color: rgba(0, 122, 255, 0.8);
                              }
                            
                              &:disabled {
                                background-color: #ccc;
                                color: #888;
                              }
                            ",
                                  "
                              background-color: transparent;
                              color: rgba(0, 122, 255, 1);
                              padding: 0;
                              text-decoration: underline;
                            
                              &:hover {
                                background-color: transparent;
                                color: rgba(0, 122, 255, 0.8);    
                              }
                            
                              &:disabled {
                                cursor: default;
                                background-color: transparent;
                                color: rgba(122, 122, 122, 1);
                              }
                            ",
                                ],
                              },
                              "displayName": "Styled(styled.button)",
                              "foldedComponentIds": Array [
                                "sc-fjdhpX",
                              ],
                              "render": [Function],
                              "styledComponentId": "sc-cSHVUG",
                              "target": "button",
                              "toString": [Function],
                              "warnTooManyClasses": [Function],
                              "withComponent": [Function],
                            }
                          }
                          forwardedRef={null}
                        >
                          <button
                            className="sc-fjdhpX sc-cSHVUG CZCVM"
                            disabled={true}
                          >
                            Mainnet
                             network
                          </button>
                        </StyledComponent>
                      </Styled(styled.button)>
                      .
                    </p>
                    <br />
                    <p>
                      Your wallet address is 
                      <Styled(styled.button)
                        disabled={true}
                      >
                        <StyledComponent
                          disabled={true}
                          forwardedComponent={
                            Object {
                              "$$typeof": Symbol(react.forward_ref),
                              "attrs": Array [],
                              "componentStyle": ComponentStyle {
                                "componentId": "sc-cSHVUG",
                                "isStatic": false,
                                "lastClassName": "CZCVM",
                                "rules": Array [
                                  "
                              background-color: rgba(0, 122, 255, 1);
                              color: #fff;
                              border: 0;
                              padding: ",
                                  [Function],
                                  ";
                              font-size: ",
                                  [Function],
                                  ";
                              cursor: pointer;
                            
                              &:hover {
                                background-color: rgba(0, 122, 255, 0.8);
                              }
                            
                              &:disabled {
                                background-color: #ccc;
                                color: #888;
                              }
                            ",
                                  "
                              background-color: transparent;
                              color: rgba(0, 122, 255, 1);
                              padding: 0;
                              text-decoration: underline;
                            
                              &:hover {
                                background-color: transparent;
                                color: rgba(0, 122, 255, 0.8);    
                              }
                            
                              &:disabled {
                                cursor: default;
                                background-color: transparent;
                                color: rgba(122, 122, 122, 1);
                              }
                            ",
                                ],
                              },
                              "displayName": "Styled(styled.button)",
                              "foldedComponentIds": Array [
                                "sc-fjdhpX",
                              ],
                              "render": [Function],
                              "styledComponentId": "sc-cSHVUG",
                              "target": "button",
                              "toString": [Function],
                              "warnTooManyClasses": [Function],
                              "withComponent": [Function],
                            }
                          }
                          forwardedRef={null}
                        >
                          <button
                            className="sc-fjdhpX sc-cSHVUG CZCVM"
                            disabled={true}
                          >
                            <em>
                              1234567890abcdef
                            </em>
                          </button>
                        </StyledComponent>
                      </Styled(styled.button)>
                    </p>
                  </div>
                </StyledComponent>
              </Styled(styled.div)>
              <Styled(styled.button)
                disabled={false}
                onClick={[Function]}
              >
                <StyledComponent
                  disabled={false}
                  forwardedComponent={
                    Object {
                      "$$typeof": Symbol(react.forward_ref),
                      "attrs": Array [],
                      "componentStyle": ComponentStyle {
                        "componentId": "sc-kAzzGY",
                        "isStatic": false,
                        "lastClassName": "hNpzMa",
                        "rules": Array [
                          "
                      background-color: rgba(0, 122, 255, 1);
                      color: #fff;
                      border: 0;
                      padding: ",
                          [Function],
                          ";
                      font-size: ",
                          [Function],
                          ";
                      cursor: pointer;
                    
                      &:hover {
                        background-color: rgba(0, 122, 255, 0.8);
                      }
                    
                      &:disabled {
                        background-color: #ccc;
                        color: #888;
                      }
                    ",
                          "
                      background-color: rgba(255, 122, 0, 1);
                      &:hover {
                        background-color: rgba(255, 122, 0, 0.8);
                      }
                    ",
                        ],
                      },
                      "displayName": "Styled(styled.button)",
                      "foldedComponentIds": Array [
                        "sc-fjdhpX",
                      ],
                      "render": [Function],
                      "styledComponentId": "sc-kAzzGY",
                      "target": "button",
                      "toString": [Function],
                      "warnTooManyClasses": [Function],
                      "withComponent": [Function],
                    }
                  }
                  forwardedRef={null}
                  onClick={[Function]}
                >
                  <button
                    className="sc-fjdhpX sc-kAzzGY hNpzMa"
                    disabled={false}
                    onClick={[Function]}
                  >
                    Disconnect Wallet
                  </button>
                </StyledComponent>
              </Styled(styled.button)>
            </div>
          </StyledComponent>
        </styled.div>
      </div>
    </StyledComponent>
  </Styled(styled.div)>
</MyWallet>
`;
